<!DOCTYPE html>
<html>
	<head>
		<meta charset="utf-8" />
		<link rel="stylesheet" href="golden.css" />
		<link rel="icon" type="image/png" href="https://res.cloudinary.com/lor/image/upload/v1606159285/favicon_rm0eyd.jpg"/>
		<title>golden</title>
	</head>
	
	<body>

		<a href="../../index.html"><img id="logo" src="https://res.cloudinary.com/lor/image/upload/v1606159285/favicon_rm0eyd.jpg"></a>
		<a href="../malta.html"><img id="back" src="https://res.cloudinary.com/lor/image/upload/v1606159217/back_hd42xc.png"></a>

		<h1>Malta</h1></a>

		<h2>Golden Bay</h2>
									
				<p>	Golden Bay, Ramla tal-Mixquqa en maltais, située au nord de l'île de Malte, est la plus grande plage du pays. J'ai eu super froid ce jour là et le vent était très présent, je n'ai donc encore une fois pas eu le courage de me baigner. 
				<br/><br/>
				Après cette vue magnifique, je me suis lancée dans une randonnée en direction de Popeye Village. 
				<br/><br/>
				La construction du village commence en juin 1979. Une équipe de construction de 165 personnes travaille pendant sept mois à la construction des dix-neuf bâtiments de bois qui composent le village. <br/>
				Le tournage débute le 23 janvier 1980 et se termine le 19 juin de la même année. Bien que le film n'ait pas eu un franc succès, c'est une attraction touristique populaire. 			
				</p>

				<div class=container>
					<div class="gallery">

						<figure class="gallery__item gallery__item--1">
						    <img src="https://res.cloudinary.com/lor/image/upload/v1606415678/malta/golden/popeye2_t0bx3i.jpg" class="gallery__img" alt="">
						</figure>
						<figure class="gallery__item gallery__item--2">
						    <img src="https://res.cloudinary.com/lor/image/upload/v1606415714/malta/golden/popeye2h_qzgaop.jpg" class="gallery__img" alt="">
						</figure>
						<figure class="gallery__item gallery__item--3">
						    <img src="https://res.cloudinary.com/lor/image/upload/v1606415319/malta/golden/vueh_fazy7c.jpg" class="gallery__img" alt="">
						</figure>
						<figure class="gallery__item gallery__item--5">
						    <img src="https://res.cloudinary.com/lor/image/upload/v1606415361/malta/golden/golden2_ys3cwn.jpg" class="gallery__img" alt="">
						</figure>
						<figure class="gallery__item gallery__item--4">
						    <img src="https://res.cloudinary.com/lor/image/upload/v1606415419/malta/golden/mdina2h_kujmsf.jpg" class="gallery__img" alt="">
						</figure>
						<figure class="gallery__item gallery__item--12">
						    <img src="https://res.cloudinary.com/lor/image/upload/v1606415450/malta/golden/moi_tztjww.jpg" class="gallery__img" alt="">
						</figure>
						<figure class="gallery__item gallery__item--7">
						    <img src="https://res.cloudinary.com/lor/image/upload/v1606415410/malta/golden/mdina2_khjkjq.jpg" class="gallery__img" alt="">
						</figure>
						<figure class="gallery__item gallery__item--8">
						    <img src="https://res.cloudinary.com/lor/image/upload/v1606415432/malta/golden/cathedrale_paul_cawozo.jpg" class="gallery__img" alt="">
						</figure>
						<figure class="gallery__item gallery__item--10">
						    <img src="https://res.cloudinary.com/lor/image/upload/v1606415725/malta/golden/popeye3h_ktldnd.jpg" class="gallery__img" alt="">
						</figure>
						<figure class="gallery__item gallery__item--6">
						    <img src="https://res.cloudinary.com/lor/image/upload/v1606417284/malta/golden/tour_ibxmpd.jpg" class="gallery__img" alt="">
						</figure>
						<figure class="gallery__item gallery__item--11">
						    <img src="https://res.cloudinary.com/lor/image/upload/v1606415771/malta/golden/popeye4h_hnqzr5.jpg" class="gallery__img" alt="">
						</figure>
						<figure class="gallery__item gallery__item--9">
						    <img src="https://res.cloudinary.com/lor/image/upload/v1606415502/malta/golden/pastizzi_ptqlj9.jpg" class="gallery__img" alt="">
						</figure>
											
						</div>
					</div>

				<p>
				Ayant visité tout ça en une grosse matinée (jusqu'à 14h), je me suis dirigée vers Mdina, L-Imdina en maltais, située dans le centre de Malte. 
				<br/>Elle est la moins peuplée des localités de Malte avec environ 300 habitants, d'où son surnom de The Silent City (La cité silencieuse). 
				<br/><br/>
				Ayant très très faim après la randonnée du matin et le trajet en bus (avec changements et retards comme souvent), j'ai cherché à goûter les fameux pastizzi de Mdina dans la pastizzeria "Serkin Crystal Palace". J'ai pris un pastizzi ricotta et un aux petits pois. 80 centimes pour les deux et c'était délicieux !
				<br/><br/>	
				Me promener dans les petites rues de cette ville paisible m'a fait du bien. C'était une petite pause sans vent dans mes oreilles. 
				<br/><br/>	
				J'ai terminé la visite de la ville par la Cathédrale St. Pierre et St. Paul. Conçue par l’architecte Lorenzo Gafa, elle est construite entre 1697 et 1702 pour remplacer l’ancienne cathédrale de style normand, détruite par le tremblement de terre du 11 janvier 1693. 				
				</p>

				<div class="carte">
				<img src="https://res.cloudinary.com/lor/image/upload/v1606414469/malta/cartes/golden_t8cjlm.jpg"></div>
				
				<p class="email">© 2020 - Laure BELTRAN - All Rights Reserved <br/><br/>Si vous souhaitez m'envoyer un mail,<a href="mailto:laurepasquetbeltran@gmail.com"> cliquez ici.</a></p>

				
				
			
	</body>
</html>